RESULT: right_ascension_0 = 148.564
RESULT: declination_0 = 68.966
RESULT: celestial_object_0_0 = GPM 148.562625+68.966040
RESULT: right_ascension_1 = 148.476
RESULT: declination_1 = 68.965
RESULT: celestial_object_1_0 = 2MASS J09535371+6857519
RESULT: right_ascension_2 = 148.466
RESULT: declination_2 = 68.952
RESULT: celestial_object_2_0 = [PR95] 80172
