peak[0]: (17, 23)
peak[1]: (38, 87)
peak[2]: (59, 75)
peak[3]: (69, 46)
peak[4]: (81, 47)
peak[5]: (88, 79)
candidate[0]: (17, 23), radius: 1
candidate[1]: (38, 87), radius: 1
candidate[2]: (59, 75), radius: 2
candidate[3]: (69, 46), radius: 1
candidate[4]: (81, 47), radius: 2
candidate[5]: (88, 79), radius: 1
RESULT: celestial_object = 2MASS J09583966+6852281
