RESULT: right_ascension_0 = 149.654
RESULT: declination_0 = 68.969
RESULT: celestial_object_0_0 = 2MASS J09583641+6858078
RESULT: right_ascension_1 = 149.593
RESULT: declination_1 = 68.985
RESULT: celestial_object_1_0 = 2MASS J09582193+6859052
RESULT: right_ascension_2 = 149.610
RESULT: declination_2 = 68.960
RESULT: celestial_object_2_0 = [PR95] 20165
