RESULT: right_ascension_0 = 149.232
RESULT: declination_0 = 69.087
RESULT: celestial_object_0_0 = GSC 04383-00598
RESULT: right_ascension_1 = 149.198
RESULT: declination_1 = 69.081
RESULT: celestial_object_1_0 = 2MASS J09564738+6904533
RESULT: right_ascension_2 = 149.157
RESULT: declination_2 = 69.072
RESULT: celestial_object_2_0 = 2MASS J09563757+6904196
RESULT: right_ascension_3 = 149.206
RESULT: declination_3 = 69.084
RESULT: celestial_object_3_0 = 2MASS J09564907+6904595
