RESULT: right_ascension_0 = 148.463
RESULT: declination_0 = 68.925
RESULT: right_ascension_1 = 148.462
RESULT: declination_1 = 68.896
RESULT: celestial_object_1_0 = GPM 148.459500+68.895779
RESULT: right_ascension_2 = 148.365
RESULT: declination_2 = 68.898
RESULT: right_ascension_3 = 148.424
RESULT: declination_3 = 68.920
RESULT: right_ascension_4 = 148.413
RESULT: declination_4 = 68.908
