peak[0]: (20, 60)
peak[1]: (34, 66)
peak[2]: (52, 18)
peak[3]: (65, 28)
peak[4]: (67, 78)
candidate[0]: (20, 60), radius: 2
candidate[1]: (34, 66), radius: 3
candidate[2]: (52, 18), radius: 3
candidate[3]: (65, 28), radius: 1
candidate[4]: (67, 78), radius: 2
RESULT: celestial_object = GSC 04383-01005
