RESULT: right_ascension_0 = 148.299
RESULT: declination_0 = 69.268
RESULT: celestial_object_0_0 = 2MASS J09531137+6916049
RESULT: right_ascension_1 = 148.267
RESULT: declination_1 = 69.275
RESULT: celestial_object_1_0 = 2MASS J09530360+6916301
RESULT: right_ascension_2 = 148.233
RESULT: declination_2 = 69.263
RESULT: celestial_object_2_0 = 2MASS J09525546+6915472
RESULT: right_ascension_3 = 148.278
RESULT: declination_3 = 69.253
RESULT: celestial_object_3_0 = [PR95] 70307
